{"audited": 100, "total": 2650, "last_mode": "inconsistent_binomial_sign"}
{"audited": 200, "total": 2650, "last_mode": "inconsistent_binomial_sign"}
{"audited": 300, "total": 2650, "last_mode": "inconsistent_binomial_sign"}
{"audited": 400, "total": 2650, "last_mode": "inconsistent_binomial_sign"}
{"audited": 500, "total": 2650, "last_mode": "factored_residual_permanent_collision"}
{"audited": 600, "total": 2650, "last_mode": "inconsistent_binomial_sign"}
{"audited": 700, "total": 2650, "last_mode": "inconsistent_binomial_sign"}
{"audited": 800, "total": 2650, "last_mode": "inconsistent_binomial_sign"}
{"audited": 900, "total": 2650, "last_mode": "inconsistent_binomial_sign"}
{"audited": 1000, "total": 2650, "last_mode": "annihilated_pure_target"}
{"audited": 1100, "total": 2650, "last_mode": "inconsistent_binomial_sign"}
{"audited": 1200, "total": 2650, "last_mode": "binomial_closure_isolated_class"}
{"audited": 1300, "total": 2650, "last_mode": "inconsistent_binomial_sign"}
{"audited": 1400, "total": 2650, "last_mode": "inconsistent_binomial_sign"}
{"audited": 1500, "total": 2650, "last_mode": "binomial_closure_isolated_class"}
{"audited": 1600, "total": 2650, "last_mode": "inconsistent_binomial_sign"}
{"audited": 1700, "total": 2650, "last_mode": "inconsistent_binomial_sign"}
{"audited": 1800, "total": 2650, "last_mode": "inconsistent_binomial_sign"}
{"audited": 1900, "total": 2650, "last_mode": "inconsistent_binomial_sign"}
{"audited": 2000, "total": 2650, "last_mode": "binomial_closure_isolated_class"}
{"audited": 2100, "total": 2650, "last_mode": "inconsistent_binomial_sign"}
{"audited": 2200, "total": 2650, "last_mode": "inconsistent_binomial_sign"}
{"audited": 2300, "total": 2650, "last_mode": "inconsistent_binomial_sign"}
{"audited": 2400, "total": 2650, "last_mode": "inconsistent_binomial_sign"}
{"audited": 2500, "total": 2650, "last_mode": "inconsistent_binomial_sign"}
{"audited": 2600, "total": 2650, "last_mode": "inconsistent_binomial_sign"}
{
  "status": "AUDIT_PASS",
  "state": "tmp\\p5_tricolour_support_cegar_state.json",
  "state_status": "IN_PROGRESS",
  "shape": null,
  "records": 2650,
  "unique_base_clauses": 2650,
  "duplicate_base_clauses": 0,
  "modes": {
    "annihilated_pure_target": 74,
    "binomial_closure_annihilated_pure": 13,
    "binomial_closure_isolated_class": 426,
    "factored_residual_permanent_collision": 17,
    "inconsistent_binomial_sign": 1990,
    "isolated_signed_monomial_class": 61,
    "residual_permanent_collision": 2,
    "singular_unit_ideal": 67
  },
  "replayed_modes": {
    "annihilated_pure_target": 74,
    "binomial_closure_annihilated_pure": 12,
    "binomial_closure_isolated_class": 424,
    "factored_residual_permanent_collision": 17,
    "inconsistent_binomial_sign": 1990,
    "isolated_signed_monomial_class": 61,
    "local_incidence_forced_rank_one": 3,
    "residual_permanent_collision": 2,
    "singular_unit_ideal": 67
  },
  "replay_scopes": {
    "alternative_signature_level_contradiction": 3,
    "exact_recorded_mechanism": 2647
  },
  "mode_drifts": {
    "binomial_closure_annihilated_pure -> local_incidence_forced_rank_one": 1,
    "binomial_closure_isolated_class -> local_incidence_forced_rank_one": 2
  },
  "clause_lengths": {
    "5": 489,
    "12": 10,
    "15": 7,
    "20": 2,
    "21": 7,
    "22": 9,
    "23": 8,
    "24": 13,
    "25": 23,
    "26": 32,
    "27": 51,
    "28": 67,
    "29": 80,
    "30": 115,
    "31": 126,
    "32": 130,
    "33": 152,
    "34": 162,
    "35": 180,
    "36": 175,
    "37": 150,
    "38": 98,
    "39": 115,
    "40": 83,
    "41": 55,
    "42": 59,
    "43": 43,
    "44": 30,
    "45": 29,
    "46": 32,
    "47": 23,
    "48": 27,
    "49": 23,
    "50": 10,
    "51": 5,
    "52": 9,
    "53": 1,
    "54": 1,
    "56": 2,
    "75": 17
  },
  "singular_signature_tuples": 67,
  "singular_rerun": false
}
