{"audited": 100, "total": 960, "last_mode": "inconsistent_binomial_sign"}
{"audited": 200, "total": 960, "last_mode": "inconsistent_binomial_sign"}
{"audited": 300, "total": 960, "last_mode": "binomial_closure_isolated_class"}
{"audited": 400, "total": 960, "last_mode": "local_incidence_forced_rank_one"}
{"audited": 500, "total": 960, "last_mode": "inconsistent_binomial_sign"}
{"audited": 600, "total": 960, "last_mode": "inconsistent_binomial_sign"}
{"audited": 700, "total": 960, "last_mode": "inconsistent_binomial_sign"}
{"audited": 800, "total": 960, "last_mode": "inconsistent_binomial_sign"}
{"audited": 900, "total": 960, "last_mode": "inconsistent_binomial_sign"}
{
  "status": "AUDIT_PASS",
  "state": "tmp\\p5_max3_coordinate_support_state.json",
  "state_status": "IN_PROGRESS",
  "shape": null,
  "records": 960,
  "unique_base_clauses": 958,
  "duplicate_base_clauses": 2,
  "modes": {
    "annihilated_pure_target": 71,
    "binomial_closure_annihilated_pure": 12,
    "binomial_closure_isolated_class": 196,
    "inconsistent_binomial_sign": 494,
    "isolated_signed_monomial_class": 71,
    "local_incidence_forced_rank_one": 34,
    "local_signature_exhaustion": 23,
    "singular_unit_ideal": 59
  },
  "clause_lengths": {
    "5": 301,
    "21": 4,
    "22": 5,
    "23": 8,
    "24": 11,
    "25": 9,
    "26": 7,
    "27": 12,
    "28": 20,
    "29": 22,
    "30": 26,
    "31": 35,
    "32": 49,
    "33": 54,
    "34": 50,
    "35": 45,
    "36": 48,
    "37": 39,
    "38": 35,
    "39": 32,
    "40": 35,
    "41": 27,
    "42": 20,
    "43": 13,
    "44": 9,
    "45": 5,
    "46": 4,
    "47": 4,
    "48": 3,
    "49": 2,
    "51": 1,
    "55": 1,
    "57": 1,
    "75": 23
  },
  "singular_signature_tuples": 57,
  "singular_rerun": false
}
